// Jest Snapshot v1, https://goo.gl/fbAQLP

exports[`SignIn renders correctly with mandatory props 1`] = `
<div
  className="page page--gray page--login"
>
  <header
    className="header"
  >
    <div
      className="container"
    >
      <div
        className="header__wrapper"
      >
        <div
          className="header__left"
        >
          <a
            className="header__logo-link"
            href="/"
            onClick={[Function]}
          >
            <img
              alt="6 cities logo"
              className="header__logo"
              height="41"
              src="img/logo.svg"
              width="81"
            />
          </a>
        </div>
        <nav
          className="header__nav"
        >
          <ul
            className="header__nav-list"
          />
        </nav>
      </div>
    </div>
  </header>
  <main
    className="page__main page__main--login"
  >
    <div
      className="container page__login-container"
    >
      <section
        className="login"
      >
        <h1
          className="login__title"
        >
          Sign in
        </h1>
        <form
          className="login__form form"
          method="post"
          onSubmit={[Function]}
        >
          <div
            className="login__input-wrapper form__input-wrapper"
          >
            <label
              className="visually-hidden form__label"
            >
              E-mail
            </label>
            <input
              className="login__input form__input"
              maxLength={120}
              name="email"
              onChange={[Function]}
              placeholder="Email"
              required={true}
              type="email"
              value=""
            />
          </div>
          <div
            className="login__input-wrapper form__input-wrapper"
          >
            <label
              className="visually-hidden form__label"
            >
              Password
            </label>
            <input
              className="login__input form__input"
              minLength={3}
              name="password"
              onChange={[Function]}
              placeholder="Password"
              required={true}
              type="password"
              value=""
            />
          </div>
          <button
            className="login__submit form__submit button"
            disabled={true}
            type="submit"
          >
            Sign in
          </button>
        </form>
      </section>
    </div>
  </main>
</div>
`;
