// Jest Snapshot v1, https://goo.gl/fbAQLP

exports[`NavList correctly render 1`] = `
<ul
  className="locations__list tabs__list"
>
  <li
    className="locations__item"
  >
    <a
      className="tabs__item tabs__item--active locations__item-link"
      href="#"
    >
      <span>
        Paris
      </span>
    </a>
  </li>
</ul>
`;
