// Jest Snapshot v1, https://goo.gl/fbAQLP

exports[`SignInForm renders correctly with mandatory props 1`] = `
Array [
  <h1
    className="login__title"
  >
    Sign in
  </h1>,
  <form
    className="login__form form"
    method="post"
    onSubmit={[Function]}
  >
    <div
      className="login__input-wrapper form__input-wrapper"
    >
      <label
        className="visually-hidden form__label"
      >
        E-mail
      </label>
      <input
        className="login__input form__input"
        maxLength={120}
        name="email"
        onChange={[Function]}
        placeholder="Email"
        required={true}
        type="email"
        value=""
      />
    </div>
    <div
      className="login__input-wrapper form__input-wrapper"
    >
      <label
        className="visually-hidden form__label"
      >
        Password
      </label>
      <input
        className="login__input form__input"
        minLength={3}
        name="password"
        onChange={[Function]}
        placeholder="Password"
        required={true}
        type="password"
        value=""
      />
    </div>
    <button
      className="login__submit form__submit button"
      disabled={true}
      type="submit"
    >
      Sign in
    </button>
  </form>,
]
`;
