// Jest Snapshot v1, https://goo.gl/fbAQLP

exports[`Select renders correctly with mandatory props 1`] = `
<div
  className="places__sorting"
  onClick={[Function]}
  onKeyDown={[Function]}
  tabIndex={0}
>
  <span
    className="places__sorting-caption"
  >
    Sort by
  </span>
  <span
    className="places__sorting-type"
    onClick={[Function]}
    onFocus={[Function]}
    tabIndex={0}
  >
    Popular
    <svg
      className="places__sorting-arrow"
      height="4"
      width="7"
    >
      <use
        xlinkHref="#icon-arrow-select"
      />
    </svg>
  </span>
</div>
`;
